
Yesterday I met Alice. Alice lives nearby.

Today I met Bob. Bob lives nearby too.