




Yesterday I met Alice and Bob and Chara. Alice and Bob and Chara live nearby.